Initial Win CP for (console input, console output, system): (CP850, CP850, CP1252)
I changed them all to CP1252
Rc files read (in order):
  NONE
Latexmk: This is Latexmk, John Collins, 9 March 2026. Version 4.88.
Latexmk: applying rule 'pdflatex'...
Rule 'pdflatex':  Reasons for rerun
Changed files or newly in use/created:
  supplementary.tex
Category 'changed_user':
  supplementary.tex

------------
Run number 1 of rule 'pdflatex'
------------
------------
Running 'pdflatex  -interaction=nonstopmode -recorder -output-directory="build"  "supplementary.tex"'
------------
This is pdfTeX, Version 3.141592653-2.6-1.40.29 (TeX Live 2026) (preloaded format=pdflatex)
 restricted \write18 enabled.
entering extended mode
(./supplementary.tex
LaTeX2e <2026-06-01>
L3 programming layer <2026-07-20>
(./JFM-FLM_Au.cls

LaTeX Warning: You have requested document class `JFM-FLM_Au',
               but the document class provides `jfm'.

Document Class: jfm 2006/11/13 v1.27 Journal of Fluid Mechanics document class
(c:/Users/shar_sp/AppData/Roaming/TinyTeX/texmf-dist/tex/latex/graphics/graphicx.sty (c:/Users/shar_sp/AppData/Roaming/TinyTeX/texmf-dist/tex/latex/graphics/keyval.sty) (c:/Users/shar_sp/AppData/Roaming/TinyTeX/texmf-dist/tex/latex/graphics/graphics.sty (c:/Users/shar_sp/AppData/Roaming/TinyTeX/texmf-dist/tex/latex/graphics/trig.sty) (c:/Users/shar_sp/AppData/Roaming/TinyTeX/texmf-dist/tex/latex/graphics-cfg/graphics.cfg) (c:/Users/shar_sp/AppData/Roaming/TinyTeX/texmf-dist/tex/latex/graphics-def/pdftex.def))) (c:/Users/shar_sp/AppData/Roaming/TinyTeX/texmf-dist/tex/latex/hyperref/hyperref.sty (c:/Users/shar_sp/AppData/Roaming/TinyTeX/texmf-dist/tex/generic/iftex/iftex.sty) (c:/Users/shar_sp/AppData/Roaming/TinyTeX/texmf-dist/tex/latex/kvsetkeys/kvsetkeys.sty) (c:/Users/shar_sp/AppData/Roaming/TinyTeX/texmf-dist/tex/generic/kvdefinekeys/kvdefinekeys.sty) (c:/Users/shar_sp/AppData/Roaming/TinyTeX/texmf-dist/tex/generic/pdfescape/pdfescape.sty (c:/Users/shar_sp/AppData/Roaming/TinyTeX/texmf-dist/tex/generic/ltxcmds/ltxcmds.sty) (c:/Users/shar_sp/AppData/Roaming/TinyTeX/texmf-dist/tex/generic/pdftexcmds/pdftexcmds.sty (c:/Users/shar_sp/AppData/Roaming/TinyTeX/texmf-dist/tex/generic/infwarerr/infwarerr.sty))) (c:/Users/shar_sp/AppData/Roaming/TinyTeX/texmf-dist/tex/latex/hycolor/hycolor.sty) (c:/Users/shar_sp/AppData/Roaming/TinyTeX/texmf-dist/tex/latex/hyperref/nameref.sty (c:/Users/shar_sp/AppData/Roaming/TinyTeX/texmf-dist/tex/latex/refcount/refcount.sty) (c:/Users/shar_sp/AppData/Roaming/TinyTeX/texmf-dist/tex/generic/gettitlestring/gettitlestring.sty (c:/Users/shar_sp/AppData/Roaming/TinyTeX/texmf-dist/tex/latex/kvoptions/kvoptions.sty))) (c:/Users/shar_sp/AppData/Roaming/TinyTeX/texmf-dist/tex/latex/etoolbox/etoolbox.sty) (c:/Users/shar_sp/AppData/Roaming/TinyTeX/texmf-dist/tex/generic/stringenc/stringenc.sty) (c:/Users/shar_sp/AppData/Roaming/TinyTeX/texmf-dist/tex/latex/hyperref/pd1enc.def) (c:/Users/shar_sp/AppData/Roaming/TinyTeX/texmf-dist/tex/generic/intcalc/intcalc.sty) (c:/Users/shar_sp/AppData/Roaming/TinyTeX/texmf-dist/tex/latex/hyperref/puenc.def) (c:/Users/shar_sp/AppData/Roaming/TinyTeX/texmf-dist/tex/latex/url/url.sty) (c:/Users/shar_sp/AppData/Roaming/TinyTeX/texmf-dist/tex/generic/bitset/bitset.sty (c:/Users/shar_sp/AppData/Roaming/TinyTeX/texmf-dist/tex/generic/bigintcalc/bigintcalc.sty))

Package hyperref Warning: Option `pdfpagelabels' is turned off
(hyperref)                because \thepage is undefined.

) (c:/Users/shar_sp/AppData/Roaming/TinyTeX/texmf-dist/tex/latex/hyperref/hpdftex.def (c:/Users/shar_sp/AppData/Roaming/TinyTeX/texmf-dist/tex/latex/rerunfilecheck/rerunfilecheck.sty (c:/Users/shar_sp/AppData/Roaming/TinyTeX/texmf-dist/tex/generic/uniquecounter/uniquecounter.sty))) (c:/Users/shar_sp/AppData/Roaming/TinyTeX/texmf-dist/tex/latex/bookmark/bookmark.sty (c:/Users/shar_sp/AppData/Roaming/TinyTeX/texmf-dist/tex/latex/l3backend/l3backend-pdftex.def) (c:/Users/shar_sp/AppData/Roaming/TinyTeX/texmf-dist/tex/latex/bookmark/bkm-pdftex.def)) (c:/Users/shar_sp/AppData/Roaming/TinyTeX/texmf-dist/tex/latex/breakurl/breakurl.sty (c:/Users/shar_sp/AppData/Roaming/TinyTeX/texmf-dist/tex/latex/xkeyval/xkeyval.sty (c:/Users/shar_sp/AppData/Roaming/TinyTeX/texmf-dist/tex/generic/xkeyval/xkeyval.tex (c:/Users/shar_sp/AppData/Roaming/TinyTeX/texmf-dist/tex/generic/xkeyval/xkvutils.tex))) (c:/Users/shar_sp/AppData/Roaming/TinyTeX/texmf-dist/tex/generic/iftex/ifpdf.sty)

Package breakurl Warning: You are using breakurl while processing via pdflatex.
(breakurl)                \burl will be just a synonym of \url.
(breakurl)                 on input line 48.

) (c:/Users/shar_sp/AppData/Roaming/TinyTeX/texmf-dist/tex/latex/booktabs/booktabs.sty) (c:/Users/shar_sp/AppData/Roaming/TinyTeX/texmf-dist/tex/latex/colortbl/colortbl.sty (c:/Users/shar_sp/AppData/Roaming/TinyTeX/texmf-dist/tex/latex/tools/array.sty) (c:/Users/shar_sp/AppData/Roaming/TinyTeX/texmf-dist/tex/latex/graphics/color.sty (c:/Users/shar_sp/AppData/Roaming/TinyTeX/texmf-dist/tex/latex/graphics-cfg/color.cfg) (c:/Users/shar_sp/AppData/Roaming/TinyTeX/texmf-dist/tex/latex/graphics/mathcolor.ltx))
new hooks used!!
) (c:/Users/shar_sp/AppData/Roaming/TinyTeX/texmf-dist/tex/latex/algorithm2e/algorithm2e.sty (c:/Users/shar_sp/AppData/Roaming/TinyTeX/texmf-dist/tex/latex/base/ifthen.sty) (c:/Users/shar_sp/AppData/Roaming/TinyTeX/texmf-dist/tex/latex/ifoddpage/ifoddpage.sty) (c:/Users/shar_sp/AppData/Roaming/TinyTeX/texmf-dist/tex/latex/tools/xspace.sty) (c:/Users/shar_sp/AppData/Roaming/TinyTeX/texmf-dist/tex/latex/relsize/relsize.sty

Package relsize Warning: Failed to get list of defined font sizes.
(relsize)                Size scaling will attempt arbitrary sizes..

)) (c:/Users/shar_sp/AppData/Roaming/TinyTeX/texmf-dist/tex/latex/tools/calc.sty) (c:/Users/shar_sp/AppData/Roaming/TinyTeX/texmf-dist/tex/generic/soul/soul.sty (c:/Users/shar_sp/AppData/Roaming/TinyTeX/texmf-dist/tex/generic/soul/soul-ori.sty) (c:/Users/shar_sp/AppData/Roaming/TinyTeX/texmf-dist/tex/generic/etexcmds/etexcmds.sty)) (c:/Users/shar_sp/AppData/Roaming/TinyTeX/texmf-dist/tex/latex/epstopdf-pkg/epstopdf.sty (c:/Users/shar_sp/AppData/Roaming/TinyTeX/texmf-dist/tex/latex/grfext/grfext.sty) (c:/Users/shar_sp/AppData/Roaming/TinyTeX/texmf-dist/tex/latex/epstopdf-pkg/epstopdf-base.sty (c:/Users/shar_sp/AppData/Roaming/TinyTeX/texmf-dist/tex/latex/latexconfig/epstopdf-sys.cfg)))

LaTeX Warning: Command `\theenumv' already defined -- not changed on input line 985.


LaTeX Warning: Command `\theenumvi' already defined -- not changed on input line 986.


LaTeX Warning: Command `\theenumvii' already defined -- not changed on input line 987.


LaTeX Warning: Command `\theenumviii' already defined -- not changed on input line 988.


LaTeX Warning: Command `\theenumix' already defined -- not changed on input line 989.


LaTeX Warning: Command `\theenumx' already defined -- not changed on input line 990.

(c:/Users/shar_sp/AppData/Roaming/TinyTeX/texmf-dist/tex/latex/caption/caption.sty (c:/Users/shar_sp/AppData/Roaming/TinyTeX/texmf-dist/tex/latex/caption/caption3.sty)

Package caption Warning: Unknown document class (or package),
(caption)                standard defaults will be used.
See the caption package documentation for explanation.

)

Found the 'amsbsy' package on the system, using it.

(c:/Users/shar_sp/AppData/Roaming/TinyTeX/texmf-dist/tex/latex/amsmath/amsbsy.sty (c:/Users/shar_sp/AppData/Roaming/TinyTeX/texmf-dist/tex/latex/amsmath/amsgen.sty))

Found AMS Euler Roman fonts on the system, but you dont seem to have the
'upmath' package installed. JFM.cls can take advantage of these fonts,
if you use 'upmath' package.



Found AMS Symbol fonts on the system, using the 'amssymb' package.

(c:/Users/shar_sp/AppData/Roaming/TinyTeX/texmf-dist/tex/latex/amsfonts/amssymb.sty (c:/Users/shar_sp/AppData/Roaming/TinyTeX/texmf-dist/tex/latex/amsfonts/amsfonts.sty)) (c:/Users/shar_sp/AppData/Roaming/TinyTeX/texmf-dist/tex/latex/newtx/newtxtext.sty `newtxtext' v1.744, 2024/04/01 Text macros taking advantage of TeXGyre Termes and its extensions (msharpe) (c:/Users/shar_sp/AppData/Roaming/TinyTeX/texmf-dist/tex/latex/xpatch/xpatch.sty (c:/Users/shar_sp/AppData/Roaming/TinyTeX/texmf-dist/tex/latex/l3kernel/expl3.sty) (c:/Users/shar_sp/AppData/Roaming/TinyTeX/texmf-dist/tex/latex/l3packages/xparse/xparse.sty)) (c:/Users/shar_sp/AppData/Roaming/TinyTeX/texmf-dist/tex/latex/xcolor/xcolor.sty (c:/Users/shar_sp/AppData/Roaming/TinyTeX/texmf-dist/tex/latex/graphics-cfg/color.cfg) (c:/Users/shar_sp/AppData/Roaming/TinyTeX/texmf-dist/tex/latex/graphics/mathcolor.ltx)) (c:/Users/shar_sp/AppData/Roaming/TinyTeX/texmf-dist/tex/latex/base/textcomp.sty) (c:/Users/shar_sp/AppData/Roaming/TinyTeX/texmf-dist/tex/generic/xstring/xstring.sty (c:/Users/shar_sp/AppData/Roaming/TinyTeX/texmf-dist/tex/generic/xstring/xstring.tex)) (c:/Users/shar_sp/AppData/Roaming/TinyTeX/texmf-dist/tex/latex/carlisle/scalefnt.sty) (c:/Users/shar_sp/AppData/Roaming/TinyTeX/texmf-dist/tex/generic/kastrup/binhex.tex) (c:/Users/shar_sp/AppData/Roaming/TinyTeX/texmf-dist/tex/latex/fontaxes/fontaxes.sty (c:/Users/shar_sp/AppData/Roaming/TinyTeX/texmf-dist/tex/latex/figureversions/figureversions.sty))) (c:/Users/shar_sp/AppData/Roaming/TinyTeX/texmf-dist/tex/latex/newtx/newtxmath.sty `newtxmath' v1.754, 2024/09/22 Math macros based originally on txfonts (msharpe) (c:/Users/shar_sp/AppData/Roaming/TinyTeX/texmf-dist/tex/latex/amsmath/amsmath.sty
For additional information on amsmath, use the `?' option.
(c:/Users/shar_sp/AppData/Roaming/TinyTeX/texmf-dist/tex/latex/amsmath/amstext.sty) (c:/Users/shar_sp/AppData/Roaming/TinyTeX/texmf-dist/tex/latex/amsmath/amsopn.sty)) (c:/Users/shar_sp/AppData/Roaming/TinyTeX/texmf-dist/tex/latex/oberdiek/centernot.sty) (c:/Users/shar_sp/AppData/Roaming/TinyTeX/texmf-dist/tex/generic/kastrup/binhex.tex)
amsthm NOT loaded
) (c:/Users/shar_sp/AppData/Roaming/TinyTeX/texmf-dist/tex/latex/natbib/natbib.sty)) (c:/Users/shar_sp/AppData/Roaming/TinyTeX/texmf-dist/tex/latex/newtx/ot1ntxtlf.fd) (build/supplementary.aux) (c:/Users/shar_sp/AppData/Roaming/TinyTeX/texmf-dist/tex/latex/newtx/omlntxmi.fd) (c:/Users/shar_sp/AppData/Roaming/TinyTeX/texmf-dist/tex/latex/newtx/untxexa.fd) (c:/Users/shar_sp/AppData/Roaming/TinyTeX/texmf-dist/tex/latex/newtx/lmsntxsy.fd) (c:/Users/shar_sp/AppData/Roaming/TinyTeX/texmf-dist/tex/latex/newtx/lmxntxexx.fd) (c:/Users/shar_sp/AppData/Roaming/TinyTeX/texmf-dist/tex/context/base/mkii/supp-pdf.mkii
[Loading MPS to PDF converter (version 2006.09.02).]
)

Package hyperref Warning: Height of page (\paperheight) is invalid (0.0pt),
(hyperref)                using 11in.

(c:/Users/shar_sp/AppData/Roaming/TinyTeX/texmf-dist/tex/latex/newtx/ot1minntx.fd) (c:/Users/shar_sp/AppData/Roaming/TinyTeX/texmf-dist/tex/latex/amsfonts/umsa.fd) (c:/Users/shar_sp/AppData/Roaming/TinyTeX/texmf-dist/tex/latex/amsfonts/umsb.fd) (c:/Users/shar_sp/AppData/Roaming/TinyTeX/texmf-dist/tex/latex/newtx/untxmia.fd) (c:/Users/shar_sp/AppData/Roaming/TinyTeX/texmf-dist/tex/latex/newtx/untxsym.fd) (c:/Users/shar_sp/AppData/Roaming/TinyTeX/texmf-dist/tex/latex/newtx/untxsyc.fd) (c:/Users/shar_sp/AppData/Roaming/TinyTeX/texmf-dist/tex/latex/newtx/ts1ntxtlf.fd)
Underfull \hbox (badness 10000) has occurred while \output is active


Overfull \hbox (1.0pt too wide) has occurred while \output is active
[]

Overfull \vbox (34.02812pt too high) has occurred while \output is active

Package xcolor Warning: Incompatible color definition on input line 134.

[1{c:/Users/shar_sp/AppData/Roaming/TinyTeX/texmf-var/fonts/map/pdftex/updmap/pdftex.map}{c:/Users/shar_sp/AppData/Roaming/TinyTeX/texmf-dist/fonts/enc/dvips/newtx/ntx-ot1-tlf.enc}
Non-PDF special ignored!
<special> papersize=174mm,247mm
{c:/Users/shar_sp/AppData/Roaming/TinyTeX/texmf-dist/fonts/enc/dvips/tex-gyre/q-ts1.enc}]
Underfull \hbox (badness 10000) in paragraph at lines 168--168
[]|\OT1/minntx/m/n/9 acceptance gate on post-event

Underfull \hbox (badness 4819) in paragraph at lines 175--176
[]|\OT1/minntx/m/n/9 null (one-point statis-tics

Underfull \hbox (badness 1168) in paragraph at lines 192--192
[]|\OT1/minntx/m/n/9 per-event am-pli-tude is not the

Underfull \hbox (badness 1590) in paragraph at lines 195--196
[]|$\OML/ntxmi/m/it/9 N \U/ntxmia/m/it/9 = \OT1/minntx/m/n/9 1$ null; $\OML/ntxmi/m/it/9 N \U/ntxmia/m/it/9 = \OT1/minntx/m/n/9 3$

Underfull \hbox (badness 6691) in paragraph at lines 195--196
\OT1/minntx/m/n/9 at $\OML/ntxmi/m/it/9 e \U/ntxmia/m/it/9 = \OT1/minntx/m/n/9 1$, strongest

Underfull \hbox (badness 4403) in paragraph at lines 195--196
\OT1/minntx/m/n/9 at the energy-containing

Underfull \hbox (badness 2653) in paragraph at lines 200--202
[]|\OT1/minntx/m/n/9 strongest early ef-fect of

Underfull \hbox (badness 2237) in paragraph at lines 207--209
\OT1/minntx/m/n/9 at \OT1/ntxtlf/m/it/9 ev-ery \OT1/minntx/m/n/9 strain, grow-ing

Underfull \hbox (badness 10000) in paragraph at lines 207--209
\OT1/minntx/m/n/9 with strain---the fade

Underfull \hbox (badness 3803) in paragraph at lines 207--209
\OT1/minntx/m/n/9 anisotropy is sup-pressed

Underfull \hbox (badness 1776) in paragraph at lines 214--216
[]|\OT1/minntx/m/n/9 fine scales sig-nif-i-cant at

Underfull \hbox (badness 1142) in paragraph at lines 214--216
\OT1/minntx/m/n/9 ($\LMS/ntxsy/m/n/9 A[]$ \OT1/minntx/m/n/9 held at $1\OML/ntxmi/m/it/9 :\OT1/minntx/m/n/9 30$--$1\OML/ntxmi/m/it/9 :\OT1/minntx/m/n/9 44$);

Underfull \hbox (badness 1173) in paragraph at lines 217--218
[]|\OT1/minntx/m/n/9 timing $\LMS/ntxsy/m/n/9 Ï$ \OT1/minntx/m/n/9 scale se-lec-tiv-ity: the

Overfull \hbox (1.61096pt too wide) has occurred while \output is active
[] 
[2 <./Figures/fig_cmk_rdt.pdf>] (build/supplementary.bbl) [3{c:/Users/shar_sp/AppData/Roaming/TinyTeX/texmf-dist/fonts/enc/dvips/newtx/ntx-ot1-tlf-pc.enc} <./Figures/fig_cmk_aniso.pdf>]

Package xcolor Warning: Incompatible color definition on input line 282.

[4] [5 <./Figures/fig_klevels.pdf>]
Overfull \hbox (1.61096pt too wide) has occurred while \output is active
[] 
[6 <./Figures/fig_dividend.pdf>] (build/supplementary.aux) )
(see the transcript file for additional information)<c:/Users/shar_sp/AppData/Roaming/TinyTeX/texmf-dist/fonts/type1/public/newtx/NewTXMI.pfb><c:/Users/shar_sp/AppData/Roaming/TinyTeX/texmf-dist/fonts/type1/public/newtx/NewTXMI7.pfb><c:/Users/shar_sp/AppData/Roaming/TinyTeX/texmf-dist/fonts/type1/public/tex-gyre/qtmr.pfb><c:/Users/shar_sp/AppData/Roaming/TinyTeX/texmf-dist/fonts/type1/public/newtx/txexs.pfb><c:/Users/shar_sp/AppData/Roaming/TinyTeX/texmf-dist/fonts/type1/public/newtx/txmiaX.pfb><c:/Users/shar_sp/AppData/Roaming/TinyTeX/texmf-dist/fonts/type1/public/newtx/txsym.pfb><c:/Users/shar_sp/AppData/Roaming/TinyTeX/texmf-dist/fonts/type1/public/newtx/txsys.pfb><c:/Users/shar_sp/AppData/Roaming/TinyTeX/texmf-dist/fonts/type1/public/newtx/ztmb.pfb><c:/Users/shar_sp/AppData/Roaming/TinyTeX/texmf-dist/fonts/type1/public/newtx/ztmr.pfb><c:/Users/shar_sp/AppData/Roaming/TinyTeX/texmf-dist/fonts/type1/public/newtx/ztmri.pfb>
Output written on build/supplementary.pdf (6 pages, 256204 bytes).
Transcript written on build/supplementary.log.
Latexmk: Getting log file 'build/supplementary.log'
Latexmk: Examining 'build/supplementary.fls'
Latexmk: Examining 'build/supplementary.log'
Latexmk: Found input bbl file 'build/supplementary.bbl'
Latexmk: Log file says output to 'build/supplementary.pdf'
Latexmk: Using bibtex to make bibliography file(s).
  ===Source file 'build/supplementary.bbl' for 'pdflatex'
Latexmk: Found bibliography file(s):
  ./jfm.bib
Latexmk: All targets (build/supplementary.pdf) are up-to-date

Reverting Windows console CPs to (in,out) = (850,850)
